---
source: valib_derive/src/lib.rs
expression: "prettyplease::unparse(&syn::parse_file(&output).unwrap())"
---
use valib::dsp::parameter::ParamId;
impl ParamName for DspParams {
    fn count() -> u64 {
        4
    }
    fn name(&self) -> Cow<'static, str> {
        match self {
            Self::Cutoff => Cow::Borrowed("Cutoff"),
            Self::Resonance => Cow::Borrowed("Resonance"),
            Self::Drive => Cow::Borrowed("Drive"),
            Self::InputFM => Cow::Borrowed("Input FM"),
        }
    }
    fn from_id(id: ParamId) -> Self {
        match id {
            0 => Self::Cutoff,
            1 => Self::Resonance,
            2 => Self::Drive,
            3 => Self::InputFM,
        }
    }
    fn into_id(self) -> Self {
        match id {
            Self::Cutoff => 0,
            Self::Resonance => 1,
            Self::Drive => 2,
            Self::InputFM => 3,
        }
    }
    fn iter() -> impl Iterator<Item = Self> {
        [Self::Cutoff, Self::Resonance, Self::Drive, Self::InputFM].into_iter()
    }
}
