---
source: src/filters/biquad/design.rs
assertion_line: 221
expression: butter
---
TransferFunction {
    zeros: [],
    poles: [
        Complex {
            re: 1.1107207345395915,
            im: -1.1107207345395915,
        },
        Complex {
            re: -1.1107207345395915,
            im: -1.1107207345395915,
        },
    ],
}
